// Jest Snapshot v1, https://goo.gl/fbAQLP

exports[`<ArtistDetails /> should match the snaphot 1`] = `ShallowWrapper {}`;
