// Jest Snapshot v1, https://goo.gl/fbAQLP

exports[`<EventDetails /> should match the snaphot 1`] = `ShallowWrapper {}`;
