// Jest Snapshot v1, https://goo.gl/fbAQLP

exports[`<SearchContainer /> should match the snapshot 1`] = `ShallowWrapper {}`;
